pavan123@LAPTOP-PKUSJLCA:~$ pwd
/home/pavan123
pavan123@LAPTOP-PKUSJLCA:~$ cd
pavan123@LAPTOP-PKUSJLCA:~$ ls
abcimpex       helloscript.sh      input.sh          pavan
animal.sh      hosts               loop1.sh          pavan_orc.yml
args.txt       hsfood.sh           loop2.sh          pavan_playbook
awsm           hsfriend.sh         looparray.sh      pavanrole
bash_alias     hsif.sh             main.yml          reading.sh
bash_alias.sh  hsmultiple.sh       multicontent.txt  temp
bashnet.yml    hsmultiple.sh.save  mycmds.sh         temp2
demo_func.sh   hsodd.sh            mycommands.sh     vardemo.sh
dirxyz         hsread2.sh          mycomp.sh         while.sh
fib.sh         hsvar1.sh           myfilewithvar.sh  zing
hashmum        ifelse.sh           myinfo.text
hello_func.sh  ifelse.sh.save      myinfo.txt
pavan123@LAPTOP-PKUSJLCA:~$ cd awsm
pavan123@LAPTOP-PKUSJLCA:~/awsm$ cd
pavan123@LAPTOP-PKUSJLCA:~$ cd pavan_playbook
pavan123@LAPTOP-PKUSJLCA:~/pavan_playbook$ ls
install-tomcat  pavan_orchestrate.yml  start-tomcat
pavan123@LAPTOP-PKUSJLCA:~/pavan_playbook$ cd start_tomcat
-bash: cd: start_tomcat: No such file or directory
pavan123@LAPTOP-PKUSJLCA:~/pavan_playbook$ cd start-tomcat
pavan123@LAPTOP-PKUSJLCA:~/pavan_playbook/start-tomcat$ cd ..
pavan123@LAPTOP-PKUSJLCA:~/pavan_playbook$ cd ..
pavan123@LAPTOP-PKUSJLCA:~$ cd /
pavan123@LAPTOP-PKUSJLCA:/$ pwd
/
pavan123@LAPTOP-PKUSJLCA:/$ ls
bin   etc   lib    libx32      mnt   root  snap  tmp
boot  home  lib32  lost+found  opt   run   srv   usr
dev   init  lib64  media       proc  sbin  sys   var
pavan123@LAPTOP-PKUSJLCA:/$
pavan123@LAPTOP-PKUSJLCA:/$ cd usr
pavan123@LAPTOP-PKUSJLCA:/usr$ ls
bin     games    lib    lib64    libx32  sbin   src
config  include  lib32  libexec  local   share
pavan123@LAPTOP-PKUSJLCA:/usr$ cd ..
pavan123@LAPTOP-PKUSJLCA:/$ cd sys
pavan123@LAPTOP-PKUSJLCA:/sys$ ls
block  bus  class  dev  devices  firmware  fs  kernel  module
pavan123@LAPTOP-PKUSJLCA:/sys$ cd ..
pavan123@LAPTOP-PKUSJLCA:/$ cd usr/local
pavan123@LAPTOP-PKUSJLCA:/usr/local$ ls
bin  etc  games  include  lib  man  sbin  share  src
pavan123@LAPTOP-PKUSJLCA:/usr/local$ cd ..
pavan123@LAPTOP-PKUSJLCA:/usr$ cd ..
pavan123@LAPTOP-PKUSJLCA:/$ cd usr/games
pavan123@LAPTOP-PKUSJLCA:/usr/games$ cd
pavan123@LAPTOP-PKUSJLCA:~$ pwd
/home/pavan123
pavan123@LAPTOP-PKUSJLCA:~$ cd temp
pavan123@LAPTOP-PKUSJLCA:~/temp$ mkdir -p one/two
pavan123@LAPTOP-PKUSJLCA:~/temp$ ls
combo.txt  one  parentfldr  soft.txt  ust.txt
pavan123@LAPTOP-PKUSJLCA:~/temp$ cd one
pavan123@LAPTOP-PKUSJLCA:~/temp/one$ ls
two
pavan123@LAPTOP-PKUSJLCA:~/temp/one$ cd ../..
pavan123@LAPTOP-PKUSJLCA:~$ pwd
/home/pavan123
pavan123@LAPTOP-PKUSJLCA:~$ cat multicontent.txt
i am creating a neefile
pavan123@LAPTOP-PKUSJLCA:~$ cd temp
pavan123@LAPTOP-PKUSJLCA:~/temp$ ech "Hello! Welcome to the world" > cat.txt

Command 'ech' not found, did you mean:

  command 'dch' from deb devscripts (2.20.2ubuntu2)
  command 'ecl' from deb ecl (16.1.3+ds-4)
  command 'ecj' from deb ecj (3.16.0-1)
  command 'ecc' from deb ecere-dev (0.44.15-1build3)
  command 'ecs' from deb ecere-dev (0.44.15-1build3)
  command 'sch' from deb scheme2c (2012.10.14-1ubuntu1)
  command 'echo' from deb coreutils (8.30-3ubuntu2)
  command 'bch' from deb bikeshed (1.78-0ubuntu1)
  command 'ecm' from deb gmp-ecm (7.0.4+ds-5)
  command 'ecp' from deb ecere-dev (0.44.15-1build3)

Try: sudo apt install <deb name>

pavan123@LAPTOP-PKUSJLCA:~/temp$ echo "Hello! Welcome to the world" > cat.txt
pavan123@LAPTOP-PKUSJLCA:~/temp$ cat cat.txt
Hello! Welcome to the world
pavan123@LAPTOP-PKUSJLCA:~/temp$ cat my*
cat: 'my*': No such file or directory
pavan123@LAPTOP-PKUSJLCA:~/temp$ ls
cat.txt  combo.txt  one  parentfldr  soft.txt  ust.txt
pavan123@LAPTOP-PKUSJLCA:~/temp$ cat combo.txt ust.txt cat.txt
This is very simple to create content and redirect it with symbol to file.
welcomw to ust global company.
welcomw to ust global company.
Hello! Welcome to the world
pavan123@LAPTOP-PKUSJLCA:~/temp$ echo "Guide me to my Destiny" >> cat.txt
pavan123@LAPTOP-PKUSJLCA:~/temp$ cat cat.txt
Hello! Welcome to the world
Guide me to my Destiny
pavan123@LAPTOP-PKUSJLCA:~/temp$ less cat.txt
pavan123@LAPTOP-PKUSJLCA:~/temp$ ,pwd

Command ',pwd' not found, did you mean:

  command 'pwd' from deb coreutils (8.30-3ubuntu2)
  command 'hpwd' from deb hfsutils (3.2.6-14)

Try: sudo apt install <deb name>

pavan123@LAPTOP-PKUSJLCA:~/temp$ pws

Command 'pws' not found, did you mean:

  command 'pvs' from deb lvm2 (2.03.07-1ubuntu1)
  command 'pts' from deb openafs-client (1.8.4~pre1-1ubuntu2.3)
  command 'psw' from deb wise (2.4.1-21)
  command 'aws' from deb awscli (1.18.69-1ubuntu0.20.04.1)
  command 'pms' from deb pms (0.42-1build4)
  command 'pwd' from deb coreutils (8.30-3ubuntu2)
  command 'rpws' from deb ratpoison (1.4.9-1)
  command 'pcs' from deb pcs (0.10.4-3)
  command 'ps' from deb procps (2:3.3.16-1ubuntu2.3)

Try: sudo apt install <deb name>

pavan123@LAPTOP-PKUSJLCA:~/temp$ pwd
/home/pavan123/temp
pavan123@LAPTOP-PKUSJLCA:~/temp$ mv cat.txt /home/pavan123/temp
mv: 'cat.txt' and '/home/pavan123/temp/cat.txt' are the same file
pavan123@LAPTOP-PKUSJLCA:~/temp$ mv cat.txt /home/pavan123
pavan123@LAPTOP-PKUSJLCA:~/temp$ cd ..
pavan123@LAPTOP-PKUSJLCA:~$ ls
abcimpex       hello_func.sh       ifelse.sh.save    myinfo.txt
animal.sh      helloscript.sh      input.sh          pavan
args.txt       hosts               loop1.sh          pavan_orc.yml
awsm           hsfood.sh           loop2.sh          pavan_playbook
bash_alias     hsfriend.sh         looparray.sh      pavanrole
bash_alias.sh  hsif.sh             main.yml          reading.sh
bashnet.yml    hsmultiple.sh       multicontent.txt  temp
cat.txt        hsmultiple.sh.save  mycmds.sh         temp2
demo_func.sh   hsodd.sh            mycommands.sh     vardemo.sh
dirxyz         hsread2.sh          mycomp.sh         while.sh
fib.sh         hsvar1.sh           myfilewithvar.sh  zing
hashmum        ifelse.sh           myinfo.text
pavan123@LAPTOP-PKUSJLCA:~$ cp cat.txt temp
pavan123@LAPTOP-PKUSJLCA:~$ cd temp
pavan123@LAPTOP-PKUSJLCA:~/temp$ mv cat.txt one.txt
pavan123@LAPTOP-PKUSJLCA:~/temp$ cd
pavan123@LAPTOP-PKUSJLCA:~$ whoami
pavan123
pavan123@LAPTOP-PKUSJLCA:~$ who
pavan123@LAPTOP-PKUSJLCA:~$ w
 17:22:18 up  7:51,  0 users,  load average: 0.33, 0.29, 0.27
USER     TTY      FROM             LOGIN@   IDLE   JCPU   PCPU WHAT
pavan123@LAPTOP-PKUSJLCA:~$ id
uid=1000(pavan123) gid=1000(pavan123) groups=1000(pavan123),4(adm),20(dialout),24(cdrom),25(floppy),27(sudo),29(audio),30(dip),44(video),46(plugdev),117(netdev),1004(docker)
pavan123@LAPTOP-PKUSJLCA:~$ passwd
Changing password for pavan123.
Current password:
New password:
Retype new password:
Password unchanged
New password:
Retype new password:
Sorry, passwords do not match.
passwd: Authentication token manipulation error
passwd: password unchanged
pavan123@LAPTOP-PKUSJLCA:~$ ^C
pavan123@LAPTOP-PKUSJLCA:~$ cd /
pavan123@LAPTOP-PKUSJLCA:/$ ls
bin   etc   lib    libx32      mnt   root  snap  tmp
boot  home  lib32  lost+found  opt   run   srv   usr
dev   init  lib64  media       proc  sbin  sys   var
pavan123@LAPTOP-PKUSJLCA:/$ cat etc/passwd
root:x:0:0:root:/root:/bin/bash
daemon:x:1:1:daemon:/usr/sbin:/usr/sbin/nologin
bin:x:2:2:bin:/bin:/usr/sbin/nologin
sys:x:3:3:sys:/dev:/usr/sbin/nologin
sync:x:4:65534:sync:/bin:/bin/sync
games:x:5:60:games:/usr/games:/usr/sbin/nologin
man:x:6:12:man:/var/cache/man:/usr/sbin/nologin
lp:x:7:7:lp:/var/spool/lpd:/usr/sbin/nologin
mail:x:8:8:mail:/var/mail:/usr/sbin/nologin
news:x:9:9:news:/var/spool/news:/usr/sbin/nologin
uucp:x:10:10:uucp:/var/spool/uucp:/usr/sbin/nologin
proxy:x:13:13:proxy:/bin:/usr/sbin/nologin
www-data:x:33:33:www-data:/var/www:/usr/sbin/nologin
backup:x:34:34:backup:/var/backups:/usr/sbin/nologin
list:x:38:38:Mailing List Manager:/var/list:/usr/sbin/nologin
irc:x:39:39:ircd:/var/run/ircd:/usr/sbin/nologin
gnats:x:41:41:Gnats Bug-Reporting System (admin):/var/lib/gnats:/usr/sbin/nologin
nobody:x:65534:65534:nobody:/nonexistent:/usr/sbin/nologin
systemd-network:x:100:102:systemd Network Management,,,:/run/systemd:/usr/sbin/nologin
systemd-resolve:x:101:103:systemd Resolver,,,:/run/systemd:/usr/sbin/nologin
systemd-timesync:x:102:104:systemd Time Synchronization,,,:/run/systemd:/usr/sbin/nologin
messagebus:x:103:106::/nonexistent:/usr/sbin/nologin
syslog:x:104:110::/home/syslog:/usr/sbin/nologin
_apt:x:105:65534::/nonexistent:/usr/sbin/nologin
tss:x:106:111:TPM software stack,,,:/var/lib/tpm:/bin/false
uuidd:x:107:112::/run/uuidd:/usr/sbin/nologin
tcpdump:x:108:113::/nonexistent:/usr/sbin/nologin
sshd:x:109:65534::/run/sshd:/usr/sbin/nologin
landscape:x:110:115::/var/lib/landscape:/usr/sbin/nologin
pollinate:x:111:1::/var/cache/pollinate:/bin/false
pavan123:x:1000:1000:,,,:/home/pavan123:/bin/bash
pavan:x:1001:1001:pavan kumar,,,:/home/pavan:/bin/bash
bharath:x:1002:1003::/home/bharath:/bin/sh
two:x:1004:1006::/home/two:/bin/sh
three:x:1005:1007::/home/three:/bin/sh
four:x:1006:1008::/home/four:/bin/sh
user1:x:1007:1009:seconduser,,,:/home/user1:/bin/bash
user3:x:1008:1010:thirduser,,,:/home/user3:/bin/bash
user4:x:1009:1011:fourthuser,,,:/home/user4:/bin/bash
timjag:x:1010:1012:timjag,,,:/home/timjag:/bin/bash
empty:x:1012:1014:name,,,:/home/empty:/bin/bash
zing1:x:1003:1005:zing1,,,:/home/zing1:/bin/bash
zing2:x:1011:1013:zing2,,,:/home/zing2:/bin/bash
guide:x:1013:1016:guide,,,:/home/guide:/bin/bash
destiny:x:1014:1017:destiny,,,:/home/destiny:/bin/bash
pavan123@LAPTOP-PKUSJLCA:/$ cd
pavan123@LAPTOP-PKUSJLCA:~$ sudo adduser hype
[sudo] password for pavan123:
Adding user `hype' ...
Adding new group `hype' (1018) ...
Adding new user `hype' (1015) with group `hype' ...
Creating home directory `/home/hype' ...
Copying files from `/etc/skel' ...
New password:
Retype new password:
passwd: password updated successfully
Changing the user information for hype
Enter the new value, or press ENTER for the default
        Full Name []: hype
        Room Number []:
        Work Phone []:
        Home Phone []:
        Other []:
Is the information correct? [Y/n] y
pavan123@LAPTOP-PKUSJLCA:~$ pwd
/home/pavan123
pavan123@LAPTOP-PKUSJLCA:~$ cat /etc/passwd
root:x:0:0:root:/root:/bin/bash
daemon:x:1:1:daemon:/usr/sbin:/usr/sbin/nologin
bin:x:2:2:bin:/bin:/usr/sbin/nologin
sys:x:3:3:sys:/dev:/usr/sbin/nologin
sync:x:4:65534:sync:/bin:/bin/sync
games:x:5:60:games:/usr/games:/usr/sbin/nologin
man:x:6:12:man:/var/cache/man:/usr/sbin/nologin
lp:x:7:7:lp:/var/spool/lpd:/usr/sbin/nologin
mail:x:8:8:mail:/var/mail:/usr/sbin/nologin
news:x:9:9:news:/var/spool/news:/usr/sbin/nologin
uucp:x:10:10:uucp:/var/spool/uucp:/usr/sbin/nologin
proxy:x:13:13:proxy:/bin:/usr/sbin/nologin
www-data:x:33:33:www-data:/var/www:/usr/sbin/nologin
backup:x:34:34:backup:/var/backups:/usr/sbin/nologin
list:x:38:38:Mailing List Manager:/var/list:/usr/sbin/nologin
irc:x:39:39:ircd:/var/run/ircd:/usr/sbin/nologin
gnats:x:41:41:Gnats Bug-Reporting System (admin):/var/lib/gnats:/usr/sbin/nologin
nobody:x:65534:65534:nobody:/nonexistent:/usr/sbin/nologin
systemd-network:x:100:102:systemd Network Management,,,:/run/systemd:/usr/sbin/nologin
systemd-resolve:x:101:103:systemd Resolver,,,:/run/systemd:/usr/sbin/nologin
systemd-timesync:x:102:104:systemd Time Synchronization,,,:/run/systemd:/usr/sbin/nologin
messagebus:x:103:106::/nonexistent:/usr/sbin/nologin
syslog:x:104:110::/home/syslog:/usr/sbin/nologin
_apt:x:105:65534::/nonexistent:/usr/sbin/nologin
tss:x:106:111:TPM software stack,,,:/var/lib/tpm:/bin/false
uuidd:x:107:112::/run/uuidd:/usr/sbin/nologin
tcpdump:x:108:113::/nonexistent:/usr/sbin/nologin
sshd:x:109:65534::/run/sshd:/usr/sbin/nologin
landscape:x:110:115::/var/lib/landscape:/usr/sbin/nologin
pollinate:x:111:1::/var/cache/pollinate:/bin/false
pavan123:x:1000:1000:,,,:/home/pavan123:/bin/bash
pavan:x:1001:1001:pavan kumar,,,:/home/pavan:/bin/bash
bharath:x:1002:1003::/home/bharath:/bin/sh
two:x:1004:1006::/home/two:/bin/sh
three:x:1005:1007::/home/three:/bin/sh
four:x:1006:1008::/home/four:/bin/sh
user1:x:1007:1009:seconduser,,,:/home/user1:/bin/bash
user3:x:1008:1010:thirduser,,,:/home/user3:/bin/bash
user4:x:1009:1011:fourthuser,,,:/home/user4:/bin/bash
timjag:x:1010:1012:timjag,,,:/home/timjag:/bin/bash
empty:x:1012:1014:name,,,:/home/empty:/bin/bash
zing1:x:1003:1005:zing1,,,:/home/zing1:/bin/bash
zing2:x:1011:1013:zing2,,,:/home/zing2:/bin/bash
guide:x:1013:1016:guide,,,:/home/guide:/bin/bash
destiny:x:1014:1017:destiny,,,:/home/destiny:/bin/bash
hype:x:1015:1018:hype,,,:/home/hype:/bin/bash
pavan123@LAPTOP-PKUSJLCA:~$ cat /etc/group
root:x:0:
daemon:x:1:
bin:x:2:
sys:x:3:
adm:x:4:syslog,pavan123
tty:x:5:syslog
disk:x:6:
lp:x:7:
mail:x:8:
news:x:9:
uucp:x:10:
man:x:12:
proxy:x:13:
kmem:x:15:
dialout:x:20:pavan123
fax:x:21:
voice:x:22:
cdrom:x:24:pavan123
floppy:x:25:pavan123
tape:x:26:
sudo:x:27:pavan123,empty
audio:x:29:pavan123
dip:x:30:pavan123
www-data:x:33:
backup:x:34:
operator:x:37:
list:x:38:
irc:x:39:
src:x:40:
gnats:x:41:
shadow:x:42:
utmp:x:43:
video:x:44:pavan123
sasl:x:45:
plugdev:x:46:pavan123
staff:x:50:
games:x:60:
users:x:100:
nogroup:x:65534:
systemd-journal:x:101:
systemd-network:x:102:
systemd-resolve:x:103:
systemd-timesync:x:104:
crontab:x:105:
messagebus:x:106:
input:x:107:
kvm:x:108:
render:x:109:
syslog:x:110:
tss:x:111:
uuidd:x:112:
tcpdump:x:113:
ssh:x:114:
landscape:x:115:
admin:x:116:
netdev:x:117:pavan123
lxd:x:118:
pavan123:x:1000:
pavan:x:1001:
devopstraining:x:1002:
bharath:x:1003:
docker:x:1004:pavan123
two:x:1006:
three:x:1007:
four:x:1008:
user1:x:1009:
user3:x:1010:
user4:x:1011:
timjag:x:1012:
empty:x:1014:
devoops:x:1015:
zing1:x:1005:
zing2:x:1013:
guide:x:1016:
destiny:x:1017:
hype:x:1018:
pavan123@LAPTOP-PKUSJLCA:~$ group add

Command 'group' not found, did you mean:

  command 'groups' from deb coreutils (8.30-3ubuntu2)
  command 'grop' from deb grop (2:0.10-1.1build1)

Try: sudo apt install <deb name>

pavan123@LAPTOP-PKUSJLCA:~$ groupmod
Usage: groupmod [options] GROUP

Options:
  -g, --gid GID                 change the group ID to GID
  -h, --help                    display this help message and exit
  -n, --new-name NEW_GROUP      change the name to NEW_GROUP
  -o, --non-unique              allow to use a duplicate (non-unique) GID
  -p, --password PASSWORD       change the password to this (encrypted)
                                PASSWORD
  -R, --root CHROOT_DIR         directory to chroot into
  -P, --prefix PREFIX_DIR       prefix directory where are located the /etc/* files

pavan123@LAPTOP-PKUSJLCA:~$ usermod
Usage: usermod [options] LOGIN

Options:
  -b, --badnames                allow bad names
  -c, --comment COMMENT         new value of the GECOS field
  -d, --home HOME_DIR           new home directory for the user account
  -e, --expiredate EXPIRE_DATE  set account expiration date to EXPIRE_DATE
  -f, --inactive INACTIVE       set password inactive after expiration
                                to INACTIVE
  -g, --gid GROUP               force use GROUP as new primary group
  -G, --groups GROUPS           new list of supplementary GROUPS
  -a, --append                  append the user to the supplemental GROUPS
                                mentioned by the -G option without removing
                                the user from other groups
  -h, --help                    display this help message and exit
  -l, --login NEW_LOGIN         new value of the login name
  -L, --lock                    lock the user account
  -m, --move-home               move contents of the home directory to the
                                new location (use only with -d)
  -o, --non-unique              allow using duplicate (non-unique) UID
  -p, --password PASSWORD       use encrypted password for the new password
  -R, --root CHROOT_DIR         directory to chroot into
  -P, --prefix PREFIX_DIR       prefix directory where are located the /etc/* files
  -s, --shell SHELL             new login shell for the user account
  -u, --uid UID                 new UID for the user account
  -U, --unlock                  unlock the user account
  -v, --add-subuids FIRST-LAST  add range of subordinate uids
  -V, --del-subuids FIRST-LAST  remove range of subordinate uids
  -w, --add-subgids FIRST-LAST  add range of subordinate gids
  -W, --del-subgids FIRST-LAST  remove range of subordinate gids
  -Z, --selinux-user SEUSER     new SELinux user mapping for the user account

pavan123@LAPTOP-PKUSJLCA:~$ sudo groupadd training
pavan123@LAPTOP-PKUSJLCA:~$ ls
abcimpex       hello_func.sh       ifelse.sh.save    myinfo.txt
animal.sh      helloscript.sh      input.sh          pavan
args.txt       hosts               loop1.sh          pavan_orc.yml
awsm           hsfood.sh           loop2.sh          pavan_playbook
bash_alias     hsfriend.sh         looparray.sh      pavanrole
bash_alias.sh  hsif.sh             main.yml          reading.sh
bashnet.yml    hsmultiple.sh       multicontent.txt  temp
cat.txt        hsmultiple.sh.save  mycmds.sh         temp2
demo_func.sh   hsodd.sh            mycommands.sh     vardemo.sh
dirxyz         hsread2.sh          mycomp.sh         while.sh
fib.sh         hsvar1.sh           myfilewithvar.sh  zing
hashmum        ifelse.sh           myinfo.text
pavan123@LAPTOP-PKUSJLCA:~$ ls -il
total 184
40994 drwxr-xr-x  3 pavan123 pavan123 4096 Dec 17 15:19 abcimpex
97074 -rwxrwxr--  1 pavan123 pavan123  124 Dec 13 12:02 animal.sh
97416 -rwxr-xr-x  1 pavan123 pavan123  269 Dec 20 12:09 args.txt
40744 drwxr-xr-x  2 pavan123 pavan123 4096 Dec  3 09:33 awsm
97068 -rw-r--r--  1 pavan123 pavan123   31 Dec 10 15:52 bash_alias
97070 -rw-r--r--  1 pavan123 pavan123   31 Dec 10 17:00 bash_alias.sh
41004 -rwxrwxr--  1 pavan123 pavan123   84 Dec 15 17:43 bashnet.yml
18014 -rw-r--r--  1 pavan123 pavan123   51 Jan  7 17:13 cat.txt
41002 -rwxrwxr--  1 pavan123 pavan123  143 Dec 13 17:22 demo_func.sh
40758 drwxr-xr-x  3 pavan123 pavan123 4096 Dec  1 17:19 dirxyz
97349 -rwxr-xr-x  1 pavan123 pavan123  118 Dec 16 17:59 fib.sh
17973 drwxr-xr-x  2 pavan123 pavan123 4096 Jan  5 16:30 hashmum
97073 -rwxrwxr--  1 pavan123 pavan123  123 Dec 13 17:33 hello_func.sh
97053 -rwxr-xr-x  1 pavan123 pavan123  516 Dec 13 10:39 helloscript.sh
97052 -rw-r--r--  1 root     root        0 Dec  9 17:03 hosts
97079 -rwxr-xr-x  1 pavan123 pavan123  203 Dec 13 13:48 hsfood.sh
97083 -rwxr-xr-x  1 pavan123 pavan123  142 Dec 13 14:34 hsfriend.sh
97080 -rwxr-xr-x  1 pavan123 pavan123  117 Dec 20 12:41 hsif.sh
97081 -rwxr-xr-x  1 pavan123 pavan123  112 Dec 13 14:18 hsmultiple.sh
97084 -rwxr-xr-x  1 pavan123 pavan123   86 Dec 13 16:12 hsmultiple.sh.save
97082 -rwxr-xr-x  1 pavan123 pavan123  105 Dec 16 17:58 hsodd.sh
97078 -rwxr-xr-x  1 pavan123 pavan123   64 Dec 13 13:05 hsread2.sh
97077 -rwxr-xr-x  1 pavan123 pavan123  122 Dec 13 13:06 hsvar1.sh
97418 -rwxr-xr-x  1 pavan123 pavan123  187 Dec 20 13:37 ifelse.sh
97445 -rwxr-xr-x  1 pavan123 pavan123  137 Dec 20 17:12 ifelse.sh.save
97417 -rwxr-xr-x  1 pavan123 pavan123  258 Dec 20 12:24 input.sh
97075 -rwxrwxr--  1 pavan123 pavan123   86 Dec 13 12:06 loop1.sh
97076 -rwxrwxr--  1 pavan123 pavan123  126 Dec 13 12:08 loop2.sh
41005 -rwxrwxr--  1 pavan123 pavan123  138 Dec 13 12:33 looparray.sh
97159 -rw-r--r--  1 pavan123 pavan123  549 Dec 16 11:18 main.yml
40996 -r--r--r--  1 pavan123 pavan123   24 Dec  8 17:20 multicontent.txt97060 -rwxr-xr-x  1 pavan123 pavan123   76 Dec 10 11:13 mycmds.sh
97064 -rwxr-xr-x  1 pavan123 pavan123   79 Dec 10 12:08 mycommands.sh
97063 -rwxr-xr-x  1 pavan123 pavan123   34 Dec 10 11:21 mycomp.sh
97066 -rwxr-xr-x  1 pavan123 pavan123  130 Dec 10 12:50 myfilewithvar.sh97059 -rw-r--r--  1 pavan123 pavan123   34 Dec 10 10:06 myinfo.text
41006 -rwxr-xr-x  1 pavan123 pavan123   34 Dec 10 10:08 myinfo.txt
40769 drwxr-xr-x  3 pavan123 pavan123 4096 Dec  1 17:53 pavan
40995 -rw-r--r--  1 pavan123 pavan123   86 Dec 16 10:34 pavan_orc.yml
97312 drwxr-xr-x  4 pavan123 pavan123 4096 Dec 16 15:05 pavan_playbook
97087 drwxr-xr-x 10 pavan123 pavan123 4096 Dec 16 11:26 pavanrole
97067 -rwxr-xr-x  1 pavan123 pavan123   91 Dec 10 15:26 reading.sh
40732 drwxr-xr-x  5 pavan123 pavan123 4096 Jan  7 17:17 temp
40743 drwxr-xr-x  2 pavan123 pavan123 4096 Dec  2 17:41 temp2
97065 -rwxr-xr-x  1 pavan123 pavan123  157 Dec 13 12:53 vardemo.sh
41003 -rwxrwxr--  1 pavan123 pavan123   98 Dec 13 12:19 while.sh
97423 drwxr-xr-x  2 pavan123 pavan123 4096 Dec 28 16:52 zing
pavan123@LAPTOP-PKUSJLCA:~$ file cat.txt
cat.txt: ASCII text
pavan123@LAPTOP-PKUSJLCA:~$ ls -a
.                          awsm                loop1.sh
..                         bash_alias          loop2.sh
.ansible                   bash_alias.sh       looparray.sh
.aws                       bashnet.yml         main.yml
.azure                     cat.txt             multicontent.txt
.bash_alialses             demo_func.sh        mycmds.sh
.bash_aliases              dirxyz              mycommands.sh
.bash_history              fib.sh              mycomp.sh
.bash_logout               hashmum             myfilewithvar.sh
.bashrc                    hello_func.sh       myinfo.text
.config                    helloscript.sh      myinfo.txt
.docker                    hosts               pavan
.kube                      hsfood.sh           pavan_orc.yml
.landscape                 hsfriend.sh         pavan_playbook
.lesshst                   hsif.sh             pavanrole
.local                     hsmultiple.sh       reading.sh
.motd_shown                hsmultiple.sh.save  temp
.profile                   hsodd.sh            temp2
.python_history            hsread2.sh          vardemo.sh
.sudo_as_admin_successful  hsvar1.sh           while.sh
abcimpex                   ifelse.sh           zing
animal.sh                  ifelse.sh.save
args.txt                   input.sh
pavan123@LAPTOP-PKUSJLCA:~$ ls -l
total 184
drwxr-xr-x  3 pavan123 pavan123 4096 Dec 17 15:19 abcimpex
-rwxrwxr--  1 pavan123 pavan123  124 Dec 13 12:02 animal.sh
-rwxr-xr-x  1 pavan123 pavan123  269 Dec 20 12:09 args.txt
drwxr-xr-x  2 pavan123 pavan123 4096 Dec  3 09:33 awsm
-rw-r--r--  1 pavan123 pavan123   31 Dec 10 15:52 bash_alias
-rw-r--r--  1 pavan123 pavan123   31 Dec 10 17:00 bash_alias.sh
-rwxrwxr--  1 pavan123 pavan123   84 Dec 15 17:43 bashnet.yml
-rw-r--r--  1 pavan123 pavan123   51 Jan  7 17:13 cat.txt
-rwxrwxr--  1 pavan123 pavan123  143 Dec 13 17:22 demo_func.sh
drwxr-xr-x  3 pavan123 pavan123 4096 Dec  1 17:19 dirxyz
-rwxr-xr-x  1 pavan123 pavan123  118 Dec 16 17:59 fib.sh
drwxr-xr-x  2 pavan123 pavan123 4096 Jan  5 16:30 hashmum
-rwxrwxr--  1 pavan123 pavan123  123 Dec 13 17:33 hello_func.sh
-rwxr-xr-x  1 pavan123 pavan123  516 Dec 13 10:39 helloscript.sh
-rw-r--r--  1 root     root        0 Dec  9 17:03 hosts
-rwxr-xr-x  1 pavan123 pavan123  203 Dec 13 13:48 hsfood.sh
-rwxr-xr-x  1 pavan123 pavan123  142 Dec 13 14:34 hsfriend.sh
-rwxr-xr-x  1 pavan123 pavan123  117 Dec 20 12:41 hsif.sh
-rwxr-xr-x  1 pavan123 pavan123  112 Dec 13 14:18 hsmultiple.sh
-rwxr-xr-x  1 pavan123 pavan123   86 Dec 13 16:12 hsmultiple.sh.save
-rwxr-xr-x  1 pavan123 pavan123  105 Dec 16 17:58 hsodd.sh
-rwxr-xr-x  1 pavan123 pavan123   64 Dec 13 13:05 hsread2.sh
-rwxr-xr-x  1 pavan123 pavan123  122 Dec 13 13:06 hsvar1.sh
-rwxr-xr-x  1 pavan123 pavan123  187 Dec 20 13:37 ifelse.sh
-rwxr-xr-x  1 pavan123 pavan123  137 Dec 20 17:12 ifelse.sh.save
-rwxr-xr-x  1 pavan123 pavan123  258 Dec 20 12:24 input.sh
-rwxrwxr--  1 pavan123 pavan123   86 Dec 13 12:06 loop1.sh
-rwxrwxr--  1 pavan123 pavan123  126 Dec 13 12:08 loop2.sh
-rwxrwxr--  1 pavan123 pavan123  138 Dec 13 12:33 looparray.sh
-rw-r--r--  1 pavan123 pavan123  549 Dec 16 11:18 main.yml
-r--r--r--  1 pavan123 pavan123   24 Dec  8 17:20 multicontent.txt
-rwxr-xr-x  1 pavan123 pavan123   76 Dec 10 11:13 mycmds.sh
-rwxr-xr-x  1 pavan123 pavan123   79 Dec 10 12:08 mycommands.sh
-rwxr-xr-x  1 pavan123 pavan123   34 Dec 10 11:21 mycomp.sh
-rwxr-xr-x  1 pavan123 pavan123  130 Dec 10 12:50 myfilewithvar.sh
-rw-r--r--  1 pavan123 pavan123   34 Dec 10 10:06 myinfo.text
-rwxr-xr-x  1 pavan123 pavan123   34 Dec 10 10:08 myinfo.txt
drwxr-xr-x  3 pavan123 pavan123 4096 Dec  1 17:53 pavan
-rw-r--r--  1 pavan123 pavan123   86 Dec 16 10:34 pavan_orc.yml
drwxr-xr-x  4 pavan123 pavan123 4096 Dec 16 15:05 pavan_playbook
drwxr-xr-x 10 pavan123 pavan123 4096 Dec 16 11:26 pavanrole
-rwxr-xr-x  1 pavan123 pavan123   91 Dec 10 15:26 reading.sh
drwxr-xr-x  5 pavan123 pavan123 4096 Jan 20 17:17 temp
drwxr-xr-x  2 pavan123 pavan123 4096 Dec  2 17:41 temp2
-rwxr-xr-x  1 pavan123 pavan123  157 Dec 13 12:53 vardemo.sh
-rwxrwxr--  1 pavan123 pavan123   98 Dec 13 12:19 while.sh
drwxr-xr-x  2 pavan123 pavan123 4096 Dec 28 16:52 zing
pavan123@LAPTOP-PKUSJLCA:~$ chmod +rwx cat.txt
pavan123@LAPTOP-PKUSJLCA:~$ ls -lh cat.txt
-rwxr-xr-x 1 pavan123 pavan123 51 Jan  20 17:13 cat.txt
pavan123@LAPTOP-PKUSJLCA:~$ ls -alh|grep temp
drwxr-xr-x  5 pavan123 pavan123 4.0K Jan  20 17:17 temp
drwxr-xr-x  2 pavan123 pavan123 4.0K Dec  2 17:41 temp2
pavan123@LAPTOP-PKUSJLCA:~$ touch emptyfile
pavan123@LAPTOP-PKUSJLCA:~$ ls
abcimpex       hashmum             ifelse.sh         myinfo.text
animal.sh      hello_func.sh       ifelse.sh.save    myinfo.txt
args.txt       helloscript.sh      input.sh          pavan
awsm           hosts               loop1.sh          pavan_orc.yml
bash_alias     hsfood.sh           loop2.sh          pavan_playbook
bash_alias.sh  hsfriend.sh         looparray.sh      pavanrole
bashnet.yml    hsif.sh             main.yml          reading.sh
cat.txt        hsmultiple.sh       multicontent.txt  temp
demo_func.sh   hsmultiple.sh.save  mycmds.sh         temp2
dirxyz         hsodd.sh            mycommands.sh     vardemo.sh
emptyfile      hsread2.sh          mycomp.sh         while.sh
fib.sh         hsvar1.sh           myfilewithvar.sh  zing
pavan123@LAPTOP-PKUSJLCA:~$ nano cat.txt
pavan123@LAPTOP-PKUSJLCA:~$ cd temp
pavan123@LAPTOP-PKUSJLCA:~/temp$ rm -- one.txt
pavan123@LAPTOP-PKUSJLCA:~/temp$ cd
pavan123@LAPTOP-PKUSJLCA:~$ ls
abcimpex       hashmum             ifelse.sh         myinfo.text
animal.sh      hello_func.sh       ifelse.sh.save    myinfo.txt
args.txt       helloscript.sh      input.sh          pavan
awsm           hosts               loop1.sh          pavan_orc.yml
bash_alias     hsfood.sh           loop2.sh          pavan_playbook
bash_alias.sh  hsfriend.sh         looparray.sh      pavanrole
bashnet.yml    hsif.sh             main.yml          reading.sh
cat.txt        hsmultiple.sh       multicontent.txt  temp
demo_func.sh   hsmultiple.sh.save  mycmds.sh         temp2
dirxyz         hsodd.sh            mycommands.sh     vardemo.sh
emptyfile      hsread2.sh          mycomp.sh         while.sh
fib.sh         hsvar1.sh           myfilewithvar.sh  zing
pavan123@LAPTOP-PKUSJLCA:~$ find . -name *txt
find: paths must precede expression: `cat.txt'
find: possible unquoted pattern after predicate `-name'?
pavan123@LAPTOP-PKUSJLCA:~$ find . - name **
.
./.python_history
./.azure
./vardemo.sh
./multicontent.txt
./temp
./temp/one
./temp/one/two
./temp/combo.txt
./temp/ust.txt
./temp/soft.txt
./temp/parentfldr
./temp/parentfldr/symbol.txt
./temp/parentfldr/childfldr
./helloscript.sh
./.landscape
./.landscape/sysinfo.log
./.sudo_as_admin_successful
./hsmultiple.sh.save
./myinfo.text
./loop2.sh
./.ansible
./.ansible/galaxy_cache
./.ansible/tmp
./mycmds.sh
./.kube
./.kube/config
./pavan_orc.yml
./hsfriend.sh
./.bash_history
./emptyfile
./demo_func.sh
./hsfood.sh
./zing
./myinfo.txt
./looparray.sh
./hashmum
./hosts
./mycommands.sh
./.motd_shown
./ifelse.sh
./.config
./.config/procps
./main.yml
./.aws
./pavanrole
./pavanrole/home
./pavanrole/tasks
./pavanrole/tasks/main.yml
./pavanrole/defaults
./pavanrole/defaults/main.yml
./pavanrole/meta
./pavanrole/meta/main.yml
./pavanrole/tests
./pavanrole/tests/inventory
./pavanrole/tests/test.yml
./pavanrole/README.md
./pavanrole/templates
./pavanrole/handlers
./pavanrole/handlers/main.yml
./pavanrole/vars
./pavanrole/vars/main.yml
./pavanrole/.travis.yml
./pavanrole/files
./.docker
./.docker/scan
./.docker/scan/config.json
./.docker/contexts
./.docker/features.json
./.docker/config.json
./.docker/run
./.docker/run/docker-cli-api.sock
./hsvar1.sh
./awsm
./dirxyz
./dirxyz/dream.txt
./dirxyz/ind.txt
./dirxyz/vamp.txt
./dirxyz/all.txt
./dirxyz/parfld
./dirxyz/parfld/temp
./dirxyz/copytest.txt
./hsodd.sh
./args.txt
./myfilewithvar.sh
./.profile
./bash_alias.sh
./hello_func.sh
./.bash_logout
./temp2
./ifelse.sh.save
./mycomp.sh
./cat.txt
./hsread2.sh
./.bashrc
./reading.sh
./.bash_aliases
./loop1.sh
./fib.sh
./animal.sh
./.local
./.local/share
./.local/share/nano
./hsmultiple.sh
./bashnet.yml
./while.sh
./.lesshst
./abcimpex
./abcimpex/IntialGalaxy
./abcimpex/galaxyinfor.txt
./bash_alias
./pavan_playbook
./pavan_playbook/start-tomcat
./pavan_playbook/start-tomcat/tasks
./pavan_playbook/start-tomcat/tasks/main.yml
./pavan_playbook/start-tomcat/defaults
./pavan_playbook/start-tomcat/defaults/main.yml
./pavan_playbook/start-tomcat/meta
./pavan_playbook/start-tomcat/meta/main.yml
./pavan_playbook/start-tomcat/tests
./pavan_playbook/start-tomcat/tests/inventory
./pavan_playbook/start-tomcat/tests/test.yml
./pavan_playbook/start-tomcat/README.md
./pavan_playbook/start-tomcat/templates
./pavan_playbook/start-tomcat/handlers
./pavan_playbook/start-tomcat/handlers/main.yml
./pavan_playbook/start-tomcat/vars
./pavan_playbook/start-tomcat/vars/main.yml
./pavan_playbook/start-tomcat/.travis.yml
./pavan_playbook/start-tomcat/files
./pavan_playbook/pavan_orchestrate.yml
./pavan_playbook/install-tomcat
./pavan_playbook/install-tomcat/tasks
./pavan_playbook/install-tomcat/tasks/main.yml
./pavan_playbook/install-tomcat/defaults
./pavan_playbook/install-tomcat/defaults/main.yml
./pavan_playbook/install-tomcat/meta
./pavan_playbook/install-tomcat/meta/main.yml
./pavan_playbook/install-tomcat/tests
./pavan_playbook/install-tomcat/tests/inventory
./pavan_playbook/install-tomcat/tests/test.yml
./pavan_playbook/install-tomcat/README.md
./pavan_playbook/install-tomcat/templates
./pavan_playbook/install-tomcat/handlers
./pavan_playbook/install-tomcat/handlers/main.yml
./pavan_playbook/install-tomcat/vars
./pavan_playbook/install-tomcat/vars/main.yml
./pavan_playbook/install-tomcat/.travis.yml
./pavan_playbook/install-tomcat/files
./pavan
./pavan/hobsdir
./pavan/hobsdir/trainees.txt
./pavan/hobsdir/members.txt
./.bash_alialses
./input.sh
./hsif.sh
find: ‘-’: No such file or directory
find: ‘name’: No such file or directory
abcimpex
abcimpex/IntialGalaxy
abcimpex/galaxyinfor.txt
animal.sh
args.txt
awsm
bash_alias
bash_alias.sh
bashnet.yml
cat.txt
demo_func.sh
dirxyz
dirxyz/dream.txt
dirxyz/ind.txt
dirxyz/vamp.txt
dirxyz/all.txt
dirxyz/parfld
dirxyz/parfld/temp
dirxyz/copytest.txt
emptyfile
fib.sh
hashmum
hello_func.sh
helloscript.sh
hosts
hsfood.sh
hsfriend.sh
hsif.sh
hsmultiple.sh
hsmultiple.sh.save
hsodd.sh
hsread2.sh
hsvar1.sh
ifelse.sh
ifelse.sh.save
input.sh
loop1.sh
loop2.sh
looparray.sh
main.yml
multicontent.txt
mycmds.sh
mycommands.sh
mycomp.sh
myfilewithvar.sh
myinfo.text
myinfo.txt
pavan
pavan/hobsdir
pavan/hobsdir/trainees.txt
pavan/hobsdir/members.txt
pavan_orc.yml
pavan_playbook
pavan_playbook/start-tomcat
pavan_playbook/start-tomcat/tasks
pavan_playbook/start-tomcat/tasks/main.yml
pavan_playbook/start-tomcat/defaults
pavan_playbook/start-tomcat/defaults/main.yml
pavan_playbook/start-tomcat/meta
pavan_playbook/start-tomcat/meta/main.yml
pavan_playbook/start-tomcat/tests
pavan_playbook/start-tomcat/tests/inventory
pavan_playbook/start-tomcat/tests/test.yml
pavan_playbook/start-tomcat/README.md
pavan_playbook/start-tomcat/templates
pavan_playbook/start-tomcat/handlers
pavan_playbook/start-tomcat/handlers/main.yml
pavan_playbook/start-tomcat/vars
pavan_playbook/start-tomcat/vars/main.yml
pavan_playbook/start-tomcat/.travis.yml
pavan_playbook/start-tomcat/files
pavan_playbook/pavan_orchestrate.yml
pavan_playbook/install-tomcat
pavan_playbook/install-tomcat/tasks
pavan_playbook/install-tomcat/tasks/main.yml
pavan_playbook/install-tomcat/defaults
pavan_playbook/install-tomcat/defaults/main.yml
pavan_playbook/install-tomcat/meta
pavan_playbook/install-tomcat/meta/main.yml
pavan_playbook/install-tomcat/tests
pavan_playbook/install-tomcat/tests/inventory
pavan_playbook/install-tomcat/tests/test.yml
pavan_playbook/install-tomcat/README.md
pavan_playbook/install-tomcat/templates
pavan_playbook/install-tomcat/handlers
pavan_playbook/install-tomcat/handlers/main.yml
pavan_playbook/install-tomcat/vars
pavan_playbook/install-tomcat/vars/main.yml
pavan_playbook/install-tomcat/.travis.yml
pavan_playbook/install-tomcat/files
pavanrole
pavanrole/home
pavanrole/tasks
pavanrole/tasks/main.yml
pavanrole/defaults
pavanrole/defaults/main.yml
pavanrole/meta
pavanrole/meta/main.yml
pavanrole/tests
pavanrole/tests/inventory
pavanrole/tests/test.yml
pavanrole/README.md
pavanrole/templates
pavanrole/handlers
pavanrole/handlers/main.yml
pavanrole/vars
pavanrole/vars/main.yml
pavanrole/.travis.yml
pavanrole/files
reading.sh
temp
temp/one
temp/one/two
temp/combo.txt
temp/ust.txt
temp/soft.txt
temp/parentfldr
temp/parentfldr/symbol.txt
temp/parentfldr/childfldr
temp2
vardemo.sh
while.sh
zing
pavan123@LAPTOP-PKUSJLCA:~$ find . -type d -name "t*"
./temp
./temp/one/two
./.ansible/tmp
./pavanrole/tasks
./pavanrole/tests
./pavanrole/templates
./dirxyz/parfld/temp
./temp2
./pavan_playbook/start-tomcat/tasks
./pavan_playbook/start-tomcat/tests
./pavan_playbook/start-tomcat/templates
./pavan_playbook/install-tomcat/tasks
./pavan_playbook/install-tomcat/tests
./pavan_playbook/install-tomcat/templates
pavan123@LAPTOP-PKUSJLCA:~$ find . -name hosts -delete
pavan123@LAPTOP-PKUSJLCA:~$ ls
abcimpex       hashmum             ifelse.sh.save    myinfo.txt
animal.sh      hello_func.sh       input.sh          pavan
args.txt       helloscript.sh      loop1.sh          pavan_orc.yml
awsm           hsfood.sh           loop2.sh          pavan_playbook
bash_alias     hsfriend.sh         looparray.sh      pavanrole
bash_alias.sh  hsif.sh             main.yml          reading.sh
bashnet.yml    hsmultiple.sh       multicontent.txt  temp
cat.txt        hsmultiple.sh.save  mycmds.sh         temp2
demo_func.sh   hsodd.sh            mycommands.sh     vardemo.sh
dirxyz         hsread2.sh          mycomp.sh         while.sh
emptyfile      hsvar1.sh           myfilewithvar.sh  zing
fib.sh         ifelse.sh           myinfo.text
pavan123@LAPTOP-PKUSJLCA:~$ free
              total        used        free      shared  buff/cache   available
Mem:        3843388     1483652      436392      378536     1923344     1820152
Swap:       1048576           0     1048576
pavan123@LAPTOP-PKUSJLCA:~$ uptime
 17:38:27 up  8:08,  0 users,  load average: 0.41, 0.25, 0.27
pavan123@LAPTOP-PKUSJLCA:~$ pmap

Usage:
 pmap [options] PID [PID ...]

Options:
 -x, --extended              show details
 -X                          show even more details
            WARNING: format changes according to /proc/PID/smaps
 -XX                         show everything the kernel provides
 -c, --read-rc               read the default rc
 -C, --read-rc-from=<file>   read the rc from file
 -n, --create-rc             create new default rc
 -N, --create-rc-to=<file>   create new rc to file
            NOTE: pid arguments are not allowed with -n, -N
 -d, --device                show the device format
 -q, --quiet                 do not display header and footer
 -p, --show-path             show path in the mapping
 -A, --range=<low>[,<high>]  limit results to the given range

 -h, --help     display this help and exit
 -V, --version  output version information and exit

For more details see pmap(1).
pavan123@LAPTOP-PKUSJLCA:~$ top
top - 17:41:34 up  8:11,  0 users,  load average: 0.35, 0.30, 0.28
Tasks:  10 total,   1 running,   9 sleeping,   0 stopped,   0 zombie
%Cpu(s):  1.6 us,  0.0 sy,  0.0 ni, 98.4 id,  0.0 wa,  0.0 hi,  0.0 si,
MiB Mem :   3753.3 total,    426.1 free,   1447.9 used,   1879.3 buff/c
MiB Swap:   1024.0 total,   1024.0 free,      0.0 used.   1778.5 avail

  PID USER      PR  NI    VIRT    RES    SHR S  %CPU  %MEM     TIME+
    1 root      20   0    1744   1080   1016 S   0.0   0.0   0:00.03
  288 root      20   0    1752     64      0 S   0.0   0.0   0:00.00
  289 root      20   0    1752     72      0 S   0.0   0.0   0:00.00
  290 root      20   0 1236332  28440  13040 S   0.0   0.7   0:01.25
  298 root      20   0    1752     72      0 S   0.0   0.0   0:00.00
  299 pavan123  20   0  764264  44168  29096 S   0.0   1.1   0:02.87
  317 root      20   0    1752     64      0 S   0.0   0.0   0:00.00
  318 root      20   0    1752     72      0 S   0.0   0.0   0:00.39
  319 pavan123  20   0   10168   5020   3232 S   0.0   0.1   0:00.46
  508 pavan123  20   0   10888   3704   3172 R   0.0   0.1   0:00.00




















pavan123@LAPTOP-PKUSJLCA:~$ python3
Python 3.8.10 (default, Jun  2 2021, 10:49:15)
[GCC 9.4.0] on linux
Type "help", "copyright", "credits" or "license" for more information.
>>> "hello!"
'hello!'
>>> 12-45
-33
>>> 234%7
3
>>> 20*7
140
>>> if(no<10):
...     print('Single digit no '+str(no))
... else:
...     print('Multi digit no '+str(no))
...
Traceback (most recent call last):
  File "<stdin>", line 1, in <module>
NameError: name 'no' is not defined
>>> no=9
>>> if(no<10):
...     print('Single digit no '+str(no))
... else:
...     print('Multi digit no '+str(no))
...
Single digit no 9
>>> class product:
... def setproduct(self,name,price,qty):
  File "<stdin>", line 2
    def setproduct(self,name,price,qty):
    ^
IndentationError: expected an indented block
>>> class product:
...     def setproduct(self,name,price,qty):
...             self.name=name
...             self.price=price
...             self.qty=qty
...     def getproduct(self):
...             print(self.name)
...             print(self.price)
...             print(self.qty)
...
>>> prd=product()
>>> prd.setproduct('cake',400,5)
>>> prd.getproduct()
cake
400
5
>>> exit
Use exit() or Ctrl-D (i.e. EOF) to exit
>>>
KeyboardInterrupt
>>> exit()
pavan123@LAPTOP-PKUSJLCA:~$ last

wtmp begins Tue Nov 30 16:47:22 2021
pavan123@LAPTOP-PKUSJLCA:~$ ps
  PID TTY          TIME CMD
  319 pts/2    00:00:00 bash
  510 pts/2    00:00:00 ps
pavan123@LAPTOP-PKUSJLCA:~$ info
pavan123@LAPTOP-PKUSJLCA:~$ env
SHELL=/bin/bash
WSL_DISTRO_NAME=Ubuntu-20.04
NAME=LAPTOP-PKUSJLCA
PWD=/home/pavan123
LOGNAME=pavan123
MOTD_SHOWN=update-motd
HOME=/home/pavan123
LANG=C.UTF-8
WSL_INTEROP=/run/WSL/318_interop
LS_COLORS=rs=0:di=01;34:ln=01;36:mh=00:pi=40;33:so=01;35:do=01;35:bd=40;33;01:cd=40;33;01:or=40;31;01:mi=00:su=37;41:sg=30;43:ca=30;41:tw=30;42:ow=34;42:st=37;44:ex=01;32:*.tar=01;31:*.tgz=01;31:*.arc=01;31:*.arj=01;31:*.taz=01;31:*.lha=01;31:*.lz4=01;31:*.lzh=01;31:*.lzma=01;31:*.tlz=01;31:*.txz=01;31:*.tzo=01;31:*.t7z=01;31:*.zip=01;31:*.z=01;31:*.dz=01;31:*.gz=01;31:*.lrz=01;31:*.lz=01;31:*.lzo=01;31:*.xz=01;31:*.zst=01;31:*.tzst=01;31:*.bz2=01;31:*.bz=01;31:*.tbz=01;31:*.tbz2=01;31:*.tz=01;31:*.deb=01;31:*.rpm=01;31:*.jar=01;31:*.war=01;31:*.ear=01;31:*.sar=01;31:*.rar=01;31:*.alz=01;31:*.ace=01;31:*.zoo=01;31:*.cpio=01;31:*.7z=01;31:*.rz=01;31:*.cab=01;31:*.wim=01;31:*.swm=01;31:*.dwm=01;31:*.esd=01;31:*.jpg=01;35:*.jpeg=01;35:*.mjpg=01;35:*.mjpeg=01;35:*.gif=01;35:*.bmp=01;35:*.pbm=01;35:*.pgm=01;35:*.ppm=01;35:*.tga=01;35:*.xbm=01;35:*.xpm=01;35:*.tif=01;35:*.tiff=01;35:*.png=01;35:*.svg=01;35:*.svgz=01;35:*.mng=01;35:*.pcx=01;35:*.mov=01;35:*.mpg=01;35:*.mpeg=01;35:*.m2v=01;35:*.mkv=01;35:*.webm=01;35:*.ogm=01;35:*.mp4=01;35:*.m4v=01;35:*.mp4v=01;35:*.vob=01;35:*.qt=01;35:*.nuv=01;35:*.wmv=01;35:*.asf=01;35:*.rm=01;35:*.rmvb=01;35:*.flc=01;35:*.avi=01;35:*.fli=01;35:*.flv=01;35:*.gl=01;35:*.dl=01;35:*.xcf=01;35:*.xwd=01;35:*.yuv=01;35:*.cgm=01;35:*.emf=01;35:*.ogv=01;35:*.ogx=01;35:*.aac=00;36:*.au=00;36:*.flac=00;36:*.m4a=00;36:*.mid=00;36:*.midi=00;36:*.mka=00;36:*.mp3=00;36:*.mpc=00;36:*.ogg=00;36:*.ra=00;36:*.wav=00;36:*.oga=00;36:*.opus=00;36:*.spx=00;36:*.xspf=00;36:
LESSCLOSE=/usr/bin/lesspipe %s %s
TERM=xterm-256color
LESSOPEN=| /usr/bin/lesspipe %s
USER=pavan123
SHLVL=1
WSLENV=
XDG_DATA_DIRS=/usr/local/share:/usr/share:/var/lib/snapd/desktop
PATH=/usr/local/sbin:/usr/local/bin:/usr/sbin:/usr/bin:/sbin:/bin:/usr/games:/usr/local/games:/usr/lib/wsl/lib:/mnt/c/Program Files (x86)/Common Files/Oracle/Java/javapath:/mnt/c/WINDOWS/system32:/mnt/c/WINDOWS:/mnt/c/WINDOWS/System32/Wbem:/mnt/c/WINDOWS/System32/WindowsPowerShell/v1.0/:/mnt/c/WINDOWS/System32/OpenSSH/:/mnt/c/Program Files/Git/cmd:/mnt/c/Program Files/Docker/Docker/resources/bin:/mnt/c/ProgramData/DockerDesktop/version-bin:/mnt/c/Program Files/MySQL/MySQL Shell 8.0/bin/:/mnt/c/Program Files/Java/jdk1.8.0_172/bin:/mnt/c/Users/pkyad/AppData/Local/Programs/Microsoft VS Code/bin:/mnt/c/Users/pkyad/AppData/Local/Microsoft/WindowsApps:/snap/bin
HOSTTYPE=x86_64
OLDPWD=/home/pavan123/temp
_=/usr/bin/env
pavan123@LAPTOP-PKUSJLCA:~$ df
Filesystem     1K-blocks      Used Available Use% Mounted on
/dev/sdd       263174212   1926000 247810056   1% /
none             1921692    373268   1548424  20% /mnt/wsl
/dev/sdc       263174212   5768024 243968032   3% /mnt/wsl/docker-desktop-data/isocache
none             1921692         8   1921684   1% /mnt/wsl/docker-desktop/shared-sockets/host-services
/dev/sdb       263174212    124944 249611112   1% /mnt/wsl/docker-desktop/docker-desktop-proxy
/dev/loop0        342106    342106         0 100% /mnt/wsl/docker-desktop/cli-tools
tools          248974332 109618380 139355952  45% /init
none             1919612         0   1919612   0% /dev
none             1921692         8   1921684   1% /run
none             1921692         0   1921692   0% /run/lock
none             1921692         0   1921692   0% /run/shm
none             1921692         0   1921692   0% /run/user
tmpfs            1921692         0   1921692   0% /sys/fs/cgroup
drivers        248974332 109618380 139355952  45% /usr/lib/wsl/drivers
lib            248974332 109618380 139355952  45% /usr/lib/wsl/lib
drvfs          248974332 109618380 139355952  45% /mnt/c
pavan123@LAPTOP-PKUSJLCA:~$ Htop

Command 'Htop' not found, did you mean:

  command 'utop' from deb utop (2.4.3-1build1)
  command 'ptop' from deb fp-utils-3.0.4 (3.0.4+dfsg-23)
  command 'ptop' from deb px (1.0.29-1)
  command 'dtop' from deb diod (1.0.24-4)
  command 'ctop' from deb ctop (1.0.0-2)
  command 'top' from deb procps (2:3.3.16-1ubuntu2.3)
  command 'qtop' from deb qtop (2.3.4-2build1)
  command 'atop' from deb atop (2.4.0-3)
  command 'htop' from deb htop (2.2.0-2build1)
  command 'itop' from deb itop (0.1-4build1)

Try: sudo apt install <deb name>

pavan123@LAPTOP-PKUSJLCA:~$ htop
pavan123@LAPTOP-PKUSJLCA:~$ ansible all -m ping --ask-pass
SSH password:
[WARNING]: provided hosts list is empty, only localhost is available. Note that
the implicit localhost does not match 'all'
pavan123@LAPTOP-PKUSJLCA:~$ ansible all -m ping --ask-all
usage: ansible [-h] [--version] [-v] [-b]
               [--become-method BECOME_METHOD]
               [--become-user BECOME_USER] [-K] [-i INVENTORY]
               [--list-hosts] [-l SUBSET] [-P POLL_INTERVAL]
               [-B SECONDS] [-o] [-t TREE] [-k]
               [--private-key PRIVATE_KEY_FILE] [-u REMOTE_USER]
               [-c CONNECTION] [-T TIMEOUT]
               [--ssh-common-args SSH_COMMON_ARGS]
               [--sftp-extra-args SFTP_EXTRA_ARGS]
               [--scp-extra-args SCP_EXTRA_ARGS]
               [--ssh-extra-args SSH_EXTRA_ARGS] [-C] [--syntax-check]
               [-D] [-e EXTRA_VARS] [--vault-id VAULT_IDS]
               [--ask-vault-password | --vault-password-file VAULT_PASSWORD_FILES]
               [-f FORKS] [-M MODULE_PATH] [--playbook-dir BASEDIR]
               [--task-timeout TASK_TIMEOUT] [-a MODULE_ARGS]
               [-m MODULE_NAME]
               pattern
ansible: error: unrecognized arguments: --ask-all

usage: ansible [-h] [--version] [-v] [-b]
               [--become-method BECOME_METHOD]
               [--become-user BECOME_USER] [-K] [-i INVENTORY]
               [--list-hosts] [-l SUBSET] [-P POLL_INTERVAL]
               [-B SECONDS] [-o] [-t TREE] [-k]
               [--private-key PRIVATE_KEY_FILE] [-u REMOTE_USER]
               [-c CONNECTION] [-T TIMEOUT]
               [--ssh-common-args SSH_COMMON_ARGS]
               [--sftp-extra-args SFTP_EXTRA_ARGS]
               [--scp-extra-args SCP_EXTRA_ARGS]
               [--ssh-extra-args SSH_EXTRA_ARGS] [-C] [--syntax-check]
               [-D] [-e EXTRA_VARS] [--vault-id VAULT_IDS]
               [--ask-vault-password | --vault-password-file VAULT_PASSWORD_FILES]
               [-f FORKS] [-M MODULE_PATH] [--playbook-dir BASEDIR]
               [--task-timeout TASK_TIMEOUT] [-a MODULE_ARGS]
               [-m MODULE_NAME]
               pattern

Define and run a single task 'playbook' against a set of hosts

positional arguments:
  pattern               host pattern

optional arguments:
  --ask-vault-password, --ask-vault-pass
                        ask for vault password
  --list-hosts          outputs a list of matching hosts; does not
                        execute anything else
  --playbook-dir BASEDIR
                        Since this tool does not use playbooks, use
                        this as a substitute playbook directory.This
                        sets the relative path for many features
                        including roles/ group_vars/ etc.
  --syntax-check        perform a syntax check on the playbook, but do
                        not execute it
  --task-timeout TASK_TIMEOUT
                        set task timeout limit in seconds, must be
                        positive integer.
  --vault-id VAULT_IDS  the vault identity to use
  --vault-password-file VAULT_PASSWORD_FILES, --vault-pass-file VAULT_PASSWORD_FILES
                        vault password file
  --version             show program's version number, config file
                        location, configured module search path,
                        module location, executable location and exit
  -B SECONDS, --background SECONDS
                        run asynchronously, failing after X seconds
                        (default=N/A)
  -C, --check           don't make any changes; instead, try to
                        predict some of the changes that may occur
  -D, --diff            when changing (small) files and templates,
                        show the differences in those files; works
                        great with --check
  -M MODULE_PATH, --module-path MODULE_PATH
                        prepend colon-separated path(s) to module
                        library (default=~/.ansible/plugins/modules:/u
                        sr/share/ansible/plugins/modules)
  -P POLL_INTERVAL, --poll POLL_INTERVAL
                        set the poll interval if using -B (default=15)
  -a MODULE_ARGS, --args MODULE_ARGS
                        The action's options in space separated k=v
                        format: -a 'opt1=val1 opt2=val2'
  -e EXTRA_VARS, --extra-vars EXTRA_VARS
                        set additional variables as key=value or
                        YAML/JSON, if filename prepend with @
  -f FORKS, --forks FORKS
                        specify number of parallel processes to use
                        (default=5)
  -h, --help            show this help message and exit
  -i INVENTORY, --inventory INVENTORY, --inventory-file INVENTORY
                        specify inventory host path or comma separated
                        host list. --inventory-file is deprecated
  -l SUBSET, --limit SUBSET
                        further limit selected hosts to an additional
                        pattern
  -m MODULE_NAME, --module-name MODULE_NAME
                        Name of the action to execute
                        (default=command)
  -o, --one-line        condense output
  -t TREE, --tree TREE  log output to this directory
  -v, --verbose         verbose mode (-vvv for more, -vvvv to enable
                        connection debugging)

Privilege Escalation Options:
  control how and which user you become as on target hosts

  --become-method BECOME_METHOD
                        privilege escalation method to use
                        (default=sudo), use `ansible-doc -t become -l`
                        to list valid choices.
  --become-user BECOME_USER
                        run operations as this user (default=root)
  -K, --ask-become-pass
                        ask for privilege escalation password
  -b, --become          run operations with become (does not imply
                        password prompting)

Connection Options:
  control as whom and how to connect to hosts

  --private-key PRIVATE_KEY_FILE, --key-file PRIVATE_KEY_FILE
                        use this file to authenticate the connection
  --scp-extra-args SCP_EXTRA_ARGS
                        specify extra arguments to pass to scp only
                        (e.g. -l)
  --sftp-extra-args SFTP_EXTRA_ARGS
                        specify extra arguments to pass to sftp only
                        (e.g. -f, -l)
  --ssh-common-args SSH_COMMON_ARGS
                        specify common arguments to pass to
                        sftp/scp/ssh (e.g. ProxyCommand)
  --ssh-extra-args SSH_EXTRA_ARGS
                        specify extra arguments to pass to ssh only
                        (e.g. -R)
  -T TIMEOUT, --timeout TIMEOUT
                        override the connection timeout in seconds
                        (default=10)
  -c CONNECTION, --connection CONNECTION
                        connection type to use (default=smart)
  -k, --ask-pass        ask for connection password
  -u REMOTE_USER, --user REMOTE_USER
                        connect as this user (default=None)

Some actions do not make sense in Ad-Hoc (include, meta, etc)
 pavan123@LAPTOP-PKUSJLCA:~$ bash --version
GNU bash, version 5.0.17(1)-release (x86_64-pc-linux-gnu)
Copyright (C) 2019 Free Software Foundation, Inc.
License GPLv3+: GNU GPL version 3 or later <http://gnu.org/licenses/gpl.html>

This is free software; you are free to change and redistribute it.
There is NO WARRANTY, to the extent permitted by law.
pavan123@LAPTOP-PKUSJLCA:~$ echo $SHELL
/bin/bash
pavan123@LAPTOP-PKUSJLCA:~$ echo hello world
hello world
pavan123@LAPTOP-PKUSJLCA:~$ nano
pavan123@LAPTOP-PKUSJLCA:~$ chmod +x city.sh
pavan123@LAPTOP-PKUSJLCA:~$ ./city.sh
Welcome to the Shell scripting
abcimpex       fib.sh              ifelse.sh         myinfo.text
animal.sh      hashmum             ifelse.sh.save    myinfo.txt
args.txt       hello_func.sh       input.sh          pavan
awsm           helloscript.sh      loop1.sh          pavan_orc.yml
bash_alias     hsfood.sh           loop2.sh          pavan_playbook
bash_alias.sh  hsfriend.sh         looparray.sh      pavanrole
bashnet.yml    hsif.sh             main.yml          reading.sh
cat.txt        hsmultiple.sh       multicontent.txt  temp
city.sh        hsmultiple.sh.save  mycmds.sh         temp2
demo_func.sh   hsodd.sh            mycommands.sh     vardemo.sh
dirxyz         hsread2.sh          mycomp.sh         while.sh
emptyfile      hsvar1.sh           myfilewithvar.sh  zing
list of directories
./city.sh: line 5: pavan: command not found
./city.sh: line 6: chittoor: command not found

pavan123@LAPTOP-PKUSJLCA:~$
pavan123@LAPTOP-PKUSJLCA:~$ nano city.sh
pavan123@LAPTOP-PKUSJLCA:~$ ./city.sh
Welcome to the Shell scripting
abcimpex       fib.sh              ifelse.sh         myinfo.text
animal.sh      hashmum             ifelse.sh.save    myinfo.txt
args.txt       hello_func.sh       input.sh          pavan
awsm           helloscript.sh      loop1.sh          pavan_orc.yml
bash_alias     hsfood.sh           loop2.sh          pavan_playbook
bash_alias.sh  hsfriend.sh         looparray.sh      pavanrole
bashnet.yml    hsif.sh             main.yml          reading.sh
cat.txt        hsmultiple.sh       multicontent.txt  temp
city.sh        hsmultiple.sh.save  mycmds.sh         temp2
demo_func.sh   hsodd.sh            mycommands.sh     vardemo.sh
dirxyz         hsread2.sh          mycomp.sh         while.sh
emptyfile      hsvar1.sh           myfilewithvar.sh  zing
list of directories
./city.sh: line 5: name: command not found
./city.sh: line 6: city: command not found

pavan123@LAPTOP-PKUSJLCA:~$ nano city.sh
pavan123@LAPTOP-PKUSJLCA:~$ ./city.sh
Welcome to the Shell scripting
abcimpex       fib.sh              ifelse.sh         myinfo.text
animal.sh      hashmum             ifelse.sh.save    myinfo.txt
args.txt       hello_func.sh       input.sh          pavan
awsm           helloscript.sh      loop1.sh          pavan_orc.yml
bash_alias     hsfood.sh           loop2.sh          pavan_playbook
bash_alias.sh  hsfriend.sh         looparray.sh      pavanrole
bashnet.yml    hsif.sh             main.yml          reading.sh
cat.txt        hsmultiple.sh       multicontent.txt  temp
city.sh        hsmultiple.sh.save  mycmds.sh         temp2
demo_func.sh   hsodd.sh            mycommands.sh     vardemo.sh
dirxyz         hsread2.sh          mycomp.sh         while.sh
emptyfile      hsvar1.sh           myfilewithvar.sh  zing
list of directories
./city.sh: line 5: name: command not found
./city.sh: line 6: city: command not found

pavan123@LAPTOP-PKUSJLCA:~$ nano city.sh
pavan123@LAPTOP-PKUSJLCA:~$ ./city.sh
Welcome to the Shell scripting
abcimpex       fib.sh              ifelse.sh         myinfo.text
animal.sh      hashmum             ifelse.sh.save    myinfo.txt
args.txt       hello_func.sh       input.sh          pavan
awsm           helloscript.sh      loop1.sh          pavan_orc.yml
bash_alias     hsfood.sh           loop2.sh          pavan_playbook
bash_alias.sh  hsfriend.sh         looparray.sh      pavanrole
bashnet.yml    hsif.sh             main.yml          reading.sh
cat.txt        hsmultiple.sh       multicontent.txt  temp
city.sh        hsmultiple.sh.save  mycmds.sh         temp2
demo_func.sh   hsodd.sh            mycommands.sh     vardemo.sh
dirxyz         hsread2.sh          mycomp.sh         while.sh
emptyfile      hsvar1.sh           myfilewithvar.sh  zing
list of directories
pavan chittoor
pavan123@LAPTOP-PKUSJLCA:~$ ./reading.sh
what is your name :
Pavan
what is your location :
chittoor
pavan123@LAPTOP-PKUSJLCA:~$ chmod 774 readind.sh
chmod: cannot access 'readind.sh': No such file or directory
pavan123@LAPTOP-PKUSJLCA:~$ chmod 774 reading.sh
pavan123@LAPTOP-PKUSJLCA:~$ ls -lh reading.sh
-rwxrwxr-- 1 pavan123 pavan123 91 Dec 10 15:26 reading.sh
pavan123@LAPTOP-PKUSJLCA:~$ chmod 774 reading.sh 78 12 45 465 12
chmod: cannot access '78': No such file or directory
chmod: cannot access '12': No such file or directory
chmod: cannot access '45': No such file or directory
chmod: cannot access '465': No such file or directory
chmod: cannot access '12': No such file or directory
pavan123@LAPTOP-PKUSJLCA:~$ ./helloscript 78 45 12 35 45 4 4
-bash: ./helloscript: No such file or directory
pavan123@LAPTOP-PKUSJLCA:~$ ./helloscript.sh 78 45 12 35 45 4 4
The script title is ./helloscript.sh
The first argument is 78
The second argument is 45
The third argument is 12
The fourth argument is 35
The fifth argument is 45
The sixth argument is 4
The seventh argument is 4
The eight argument is
The nineth argument is
The tenth argument is
The eleventh argument is
The twelveth argument is
/$ 557 is the PID of the sript
The total number of parameters in the script is 7
pavan123@LAPTOP-PKUSJLCA:~$ ls
abcimpex       fib.sh              ifelse.sh         myinfo.text
animal.sh      hashmum             ifelse.sh.save    myinfo.txt
args.txt       hello_func.sh       input.sh          pavan
awsm           helloscript.sh      loop1.sh          pavan_orc.yml
bash_alias     hsfood.sh           loop2.sh          pavan_playbook
bash_alias.sh  hsfriend.sh         looparray.sh      pavanrole
bashnet.yml    hsif.sh             main.yml          reading.sh
cat.txt        hsmultiple.sh       multicontent.txt  temp
city.sh        hsmultiple.sh.save  mycmds.sh         temp2
demo_func.sh   hsodd.sh            mycommands.sh     vardemo.sh
dirxyz         hsread2.sh          mycomp.sh         while.sh
emptyfile      hsvar1.sh           myfilewithvar.sh  zing
pavan123@LAPTOP-PKUSJLCA:~$ ./hsif.sh
if else
enter the x
78
even number
pavan123@LAPTOP-PKUSJLCA:~$ ./ifelse.sh
enter first text1
even
 enter second text2
even
Yay,they are match!
pavan123@LAPTOP-PKUSJLCA:~$ cat loop1.sh
for((c=1;c<5;c++))
do
        echo "enter some no"
        read no
        echo "welcome $c time $no"
done
pavan123@LAPTOP-PKUSJLCA:~$ ./catloop1.sh
-bash: ./catloop1.sh: No such file or directory
pavan123@LAPTOP-PKUSJLCA:~$ ./loop1.sh
enter some no
45
welcome 1 time 45
enter some no
78
welcome 2 time 78
enter some no
^Cpavan123@LAPTOP-PKUSJLCA:~$ ./looparray.sh
AndhraPradesh
Karnataka
Telangana
Kerala
Tamilnadu
pavan123@LAPTOP-PKUSJLCA:~$ cat hello_func.sh
hellofunc(){
        echo "function with arguments demo"
        echo "hi, $1"
        echo "hello, $2"
        echo "stress, $3"
}
hellofunc $1 $2 $3
pavan123@LAPTOP-PKUSJLCA:~$ ./hello_func.sh
function with arguments demo
hi,
hello,
stress,
pavan123@LAPTOP-PKUSJLCA:~$ ansible --version
ansible [core 2.11.7]
  config file = /etc/ansible/ansible.cfg
  configured module search path = ['/home/pavan123/.ansible/plugins/modules', '/usr/share/ansible/plugins/modules']
  ansible python module location = /usr/lib/python3/dist-packages/ansible
  ansible collection location = /home/pavan123/.ansible/collections:/usr/share/ansible/collections
  executable location = /usr/bin/ansible
  python version = 3.8.10 (default, Jun  2 2021, 10:49:15) [GCC 9.4.0]
  jinja version = 2.10.1
  libyaml = True
pavan123@LAPTOP-PKUSJLCA:~$ ansible -h
usage: ansible [-h] [--version] [-v] [-b]
               [--become-method BECOME_METHOD]
               [--become-user BECOME_USER] [-K] [-i INVENTORY]
               [--list-hosts] [-l SUBSET] [-P POLL_INTERVAL]
               [-B SECONDS] [-o] [-t TREE] [-k]
               [--private-key PRIVATE_KEY_FILE] [-u REMOTE_USER]
               [-c CONNECTION] [-T TIMEOUT]
               [--ssh-common-args SSH_COMMON_ARGS]
               [--sftp-extra-args SFTP_EXTRA_ARGS]
               [--scp-extra-args SCP_EXTRA_ARGS]
               [--ssh-extra-args SSH_EXTRA_ARGS] [-C] [--syntax-check]
               [-D] [-e EXTRA_VARS] [--vault-id VAULT_IDS]
               [--ask-vault-password | --vault-password-file VAULT_PASSWORD_FILES]
               [-f FORKS] [-M MODULE_PATH] [--playbook-dir BASEDIR]
               [--task-timeout TASK_TIMEOUT] [-a MODULE_ARGS]
               [-m MODULE_NAME]
               pattern

Define and run a single task 'playbook' against a set of hosts

positional arguments:
  pattern               host pattern

optional arguments:
  --ask-vault-password, --ask-vault-pass
                        ask for vault password
  --list-hosts          outputs a list of matching hosts; does not
                        execute anything else
  --playbook-dir BASEDIR
                        Since this tool does not use playbooks, use
                        this as a substitute playbook directory.This
                        sets the relative path for many features
                        including roles/ group_vars/ etc.
  --syntax-check        perform a syntax check on the playbook, but do
                        not execute it
  --task-timeout TASK_TIMEOUT
                        set task timeout limit in seconds, must be
                        positive integer.
  --vault-id VAULT_IDS  the vault identity to use
  --vault-password-file VAULT_PASSWORD_FILES, --vault-pass-file VAULT_PASSWORD_FILES
                        vault password file
  --version             show program's version number, config file
                        location, configured module search path,
                        module location, executable location and exit
  -B SECONDS, --background SECONDS
                        run asynchronously, failing after X seconds
                        (default=N/A)
  -C, --check           don't make any changes; instead, try to
                        predict some of the changes that may occur
  -D, --diff            when changing (small) files and templates,
                        show the differences in those files; works
                        great with --check
  -M MODULE_PATH, --module-path MODULE_PATH
                        prepend colon-separated path(s) to module
                        library (default=~/.ansible/plugins/modules:/u
                        sr/share/ansible/plugins/modules)
  -P POLL_INTERVAL, --poll POLL_INTERVAL
                        set the poll interval if using -B (default=15)
  -a MODULE_ARGS, --args MODULE_ARGS
                        The action's options in space separated k=v
                        format: -a 'opt1=val1 opt2=val2'
  -e EXTRA_VARS, --extra-vars EXTRA_VARS
                        set additional variables as key=value or
                        YAML/JSON, if filename prepend with @
  -f FORKS, --forks FORKS
                        specify number of parallel processes to use
                        (default=5)
  -h, --help            show this help message and exit
  -i INVENTORY, --inventory INVENTORY, --inventory-file INVENTORY
                        specify inventory host path or comma separated
                        host list. --inventory-file is deprecated
  -l SUBSET, --limit SUBSET
                        further limit selected hosts to an additional
                        pattern
  -m MODULE_NAME, --module-name MODULE_NAME
                        Name of the action to execute
                        (default=command)
  -o, --one-line        condense output
  -t TREE, --tree TREE  log output to this directory
  -v, --verbose         verbose mode (-vvv for more, -vvvv to enable
                        connection debugging)

Privilege Escalation Options:
  control how and which user you become as on target hosts

  --become-method BECOME_METHOD
                        privilege escalation method to use
                        (default=sudo), use `ansible-doc -t become -l`
                        to list valid choices.
  --become-user BECOME_USER
                        run operations as this user (default=root)
  -K, --ask-become-pass
                        ask for privilege escalation password
  -b, --become          run operations with become (does not imply
                        password prompting)

Connection Options:
  control as whom and how to connect to hosts

  --private-key PRIVATE_KEY_FILE, --key-file PRIVATE_KEY_FILE
                        use this file to authenticate the connection
  --scp-extra-args SCP_EXTRA_ARGS
                        specify extra arguments to pass to scp only
                        (e.g. -l)
  --sftp-extra-args SFTP_EXTRA_ARGS
                        specify extra arguments to pass to sftp only
                        (e.g. -f, -l)
  --ssh-common-args SSH_COMMON_ARGS
                        specify common arguments to pass to
                        sftp/scp/ssh (e.g. ProxyCommand)
  --ssh-extra-args SSH_EXTRA_ARGS
                        specify extra arguments to pass to ssh only
                        (e.g. -R)
  -T TIMEOUT, --timeout TIMEOUT
                        override the connection timeout in seconds
                        (default=10)
  -c CONNECTION, --connection CONNECTION
                        connection type to use (default=smart)
  -k, --ask-pass        ask for connection password
  -u REMOTE_USER, --user REMOTE_USER
                        connect as this user (default=None)

Some actions do not make sense in Ad-Hoc (include, meta, etc)
pavan123@LAPTOP-PKUSJLCA:~$ ls
abcimpex       fib.sh              ifelse.sh         myinfo.text
animal.sh      hashmum             ifelse.sh.save    myinfo.txt
args.txt       hello_func.sh       input.sh          pavan
awsm           helloscript.sh      loop1.sh          pavan_orc.yml
bash_alias     hsfood.sh           loop2.sh          pavan_playbook
bash_alias.sh  hsfriend.sh         looparray.sh      pavanrole
bashnet.yml    hsif.sh             main.yml          reading.sh
cat.txt        hsmultiple.sh       multicontent.txt  temp
city.sh        hsmultiple.sh.save  mycmds.sh         temp2
demo_func.sh   hsodd.sh            mycommands.sh     vardemo.sh
dirxyz         hsread2.sh          mycomp.sh         while.sh
emptyfile      hsvar1.sh           myfilewithvar.sh  zing
pavan123@LAPTOP-PKUSJLCA:~$ tree pavanrole
pavanrole
├── README.md
├── defaults
│   └── main.yml
├── files
├── handlers
│   └── main.yml
├── home
├── meta
│   └── main.yml
├── tasks
│   └── main.yml
├── templates
├── tests
│   ├── inventory
│   └── test.yml
└── vars
    └── main.yml

8 directories, 9 files
pavan123@LAPTOP-PKUSJLCA:~$ cd pavanrole
pavan123@LAPTOP-PKUSJLCA:~/pavanrole$ ls
README.md  files     home  tasks      tests
defaults   handlers  meta  templates  vars
pavan123@LAPTOP-PKUSJLCA:~/pavanrole$ cd
pavan123@LAPTOP-PKUSJLCA:~$ history